// Jest Snapshot v1, https://goo.gl/fbAQLP

exports[`matches snapshot 1`] = `
<DocumentFragment>
  <div
    class="pf-v6-c-page__sidebar-body"
    id="page-sidebar-body"
  >
    <nav
      aria-label="Global"
      class="pf-v6-c-nav"
      data-ouia-component-id="OUIA-Generated-Nav-3"
      data-ouia-component-type="PF6/Nav"
      data-ouia-safe="true"
    >
      <ul
        class="pf-v6-c-nav__list"
        role="list"
      >
        <li
          class="pf-v6-c-nav__item pf-m-expanded pf-m-current"
          data-ouia-component-id="OUIA-Generated-NavExpandable-5"
          data-ouia-component-type="PF6/NavExpandable"
          data-ouia-safe="true"
        >
          <button
            aria-expanded="true"
            class="pf-v6-c-nav__link"
            id="nav-section-section-one"
          >
            Section one
            <span
              class="pf-v6-c-nav__toggle"
            >
              <span
                class="pf-v6-c-nav__toggle-icon"
              >
                <svg
                  aria-hidden="true"
                  class="pf-v6-svg"
                  fill="currentColor"
                  height="1em"
                  role="img"
                  viewBox="0 0 256 512"
                  width="1em"
                >
                  <path
                    d="M224.3 273l-136 136c-9.4 9.4-24.6 9.4-33.9 0l-22.6-22.6c-9.4-9.4-9.4-24.6 0-33.9l96.4-96.4-96.4-96.4c-9.4-9.4-9.4-24.6 0-33.9L54.3 103c9.4-9.4 24.6-9.4 33.9 0l136 136c9.5 9.4 9.5 24.6.1 34z"
                  />
                </svg>
              </span>
            </span>
          </button>
          <section
            aria-labelledby="nav-section-section-one"
            class="pf-v6-c-nav__subnav"
          >
            <ul
              class="pf-v6-c-nav__list"
              role="list"
            >
              <li
                class="pf-v6-c-nav__item"
                data-ouia-component-id="OUIA-Generated-NavItem-17"
                data-ouia-component-type="PF6/NavItem"
                data-ouia-safe="true"
              >
                <a
                  aria-current="page"
                  class="pf-v6-c-nav__link pf-m-current"
                  data-astro-reload="true"
                  href="/section-one/entry1"
                  id="nav-entry-entry1"
                >
                  <span
                    class="pf-v6-c-nav__link-text"
                  >
                    Entry1
                  </span>
                </a>
              </li>
              <li
                class="pf-v6-c-nav__item"
                data-ouia-component-id="OUIA-Generated-NavItem-18"
                data-ouia-component-type="PF6/NavItem"
                data-ouia-safe="true"
              >
                <a
                  class="pf-v6-c-nav__link"
                  data-astro-reload="true"
                  href="/section-one/entry2"
                  id="nav-entry-entry2"
                >
                  <span
                    class="pf-v6-c-nav__link-text"
                  >
                    Entry2
                  </span>
                </a>
              </li>
              <li
                class="pf-v6-c-nav__item"
                data-ouia-component-id="OUIA-Generated-NavItem-19"
                data-ouia-component-type="PF6/NavItem"
                data-ouia-safe="true"
              >
                <a
                  class="pf-v6-c-nav__link"
                  data-astro-reload="true"
                  href="/section-one/entry3"
                  id="nav-entry-entry3"
                >
                  <span
                    class="pf-v6-c-nav__link-text"
                  >
                    Entry3
                  </span>
                </a>
              </li>
              <li
                class="pf-v6-c-nav__item"
                data-ouia-component-id="OUIA-Generated-NavItem-20"
                data-ouia-component-type="PF6/NavItem"
                data-ouia-safe="true"
              >
                <a
                  class="pf-v6-c-nav__link"
                  data-astro-reload="true"
                  href="/section-one/entry4"
                  id="nav-entry-entry4"
                >
                  <span
                    class="pf-v6-c-nav__link-text"
                  >
                    Entry4
                  </span>
                </a>
              </li>
              <li
                class="pf-v6-c-nav__item"
                data-ouia-component-id="OUIA-Generated-NavItem-21"
                data-ouia-component-type="PF6/NavItem"
                data-ouia-safe="true"
              >
                <a
                  class="pf-v6-c-nav__link"
                  data-astro-reload="true"
                  href="/section-one/entry5"
                  id="nav-entry-entry5"
                >
                  <span
                    class="pf-v6-c-nav__link-text"
                  >
                    Entry5
                  </span>
                </a>
              </li>
            </ul>
          </section>
        </li>
        <li
          class="pf-v6-c-nav__item"
          data-ouia-component-id="OUIA-Generated-NavExpandable-6"
          data-ouia-component-type="PF6/NavExpandable"
          data-ouia-safe="true"
        >
          <button
            aria-expanded="false"
            class="pf-v6-c-nav__link"
            id="nav-section-section-two"
          >
            Section two
            <span
              class="pf-v6-c-nav__toggle"
            >
              <span
                class="pf-v6-c-nav__toggle-icon"
              >
                <svg
                  aria-hidden="true"
                  class="pf-v6-svg"
                  fill="currentColor"
                  height="1em"
                  role="img"
                  viewBox="0 0 256 512"
                  width="1em"
                >
                  <path
                    d="M224.3 273l-136 136c-9.4 9.4-24.6 9.4-33.9 0l-22.6-22.6c-9.4-9.4-9.4-24.6 0-33.9l96.4-96.4-96.4-96.4c-9.4-9.4-9.4-24.6 0-33.9L54.3 103c9.4-9.4 24.6-9.4 33.9 0l136 136c9.5 9.4 9.5 24.6.1 34z"
                  />
                </svg>
              </span>
            </span>
          </button>
          <section
            aria-labelledby="nav-section-section-two"
            class="pf-v6-c-nav__subnav"
            hidden=""
          >
            <ul
              class="pf-v6-c-nav__list"
              role="list"
            >
              <li
                class="pf-v6-c-nav__item"
                data-ouia-component-id="OUIA-Generated-NavItem-22"
                data-ouia-component-type="PF6/NavItem"
                data-ouia-safe="true"
              >
                <a
                  class="pf-v6-c-nav__link"
                  data-astro-reload="true"
                  href="/section-two/entry6"
                  id="nav-entry-entry6"
                >
                  <span
                    class="pf-v6-c-nav__link-text"
                  >
                    Entry6
                  </span>
                </a>
              </li>
              <li
                class="pf-v6-c-nav__item"
                data-ouia-component-id="OUIA-Generated-NavItem-23"
                data-ouia-component-type="PF6/NavItem"
                data-ouia-safe="true"
              >
                <a
                  class="pf-v6-c-nav__link"
                  data-astro-reload="true"
                  href="/section-two/entry7"
                  id="nav-entry-entry7"
                >
                  <span
                    class="pf-v6-c-nav__link-text"
                  >
                    Entry7
                  </span>
                </a>
              </li>
              <li
                class="pf-v6-c-nav__item"
                data-ouia-component-id="OUIA-Generated-NavItem-24"
                data-ouia-component-type="PF6/NavItem"
                data-ouia-safe="true"
              >
                <a
                  class="pf-v6-c-nav__link"
                  data-astro-reload="true"
                  href="/section-two/entry8"
                  id="nav-entry-entry8"
                >
                  <span
                    class="pf-v6-c-nav__link-text"
                  >
                    Entry8
                  </span>
                </a>
              </li>
            </ul>
          </section>
        </li>
      </ul>
    </nav>
  </div>
</DocumentFragment>
`;
